Component: ARM Compiler 5.06 update 7 (build 960) Tool: armlink [4d3601]

==============================================================================

Section Cross References

    main.o(i.SystickInit) refers to stm32f10x_rcc.o(i.RCC_GetClocksFreq) for RCC_GetClocksFreq
    main.o(i.delay_ms) refers to stm32f10x_iwdg.o(i.IWDG_ReloadCounter) for IWDG_ReloadCounter
    main.o(i.delay_ms) refers to main.o(.data) for .data
    main.o(i.main) refers to misc.o(i.NVIC_PriorityGroupConfig) for NVIC_PriorityGroupConfig
    main.o(i.main) refers to main.o(i.SystickInit) for SystickInit
    main.o(i.main) refers to segger_rtt.o(i.SEGGER_RTT_Init) for SEGGER_RTT_Init
    main.o(i.main) refers to iwdg.o(i.IwdgInit) for IwdgInit
    main.o(i.main) refers to segger_rtt_printf.o(i.SEGGER_RTT_printf) for SEGGER_RTT_printf
    main.o(i.main) refers to magicrf.o(i.MagicRFInit) for MagicRFInit
    main.o(i.main) refers to magicrf.o(i.MagicRFTest) for MagicRFTest
    usart.o(i.Usart1Init) refers to stm32f10x_rcc.o(i.RCC_APB2PeriphClockCmd) for RCC_APB2PeriphClockCmd
    usart.o(i.Usart1Init) refers to stm32f10x_gpio.o(i.GPIO_Init) for GPIO_Init
    usart.o(i.Usart1Init) refers to stm32f10x_usart.o(i.USART_DeInit) for USART_DeInit
    usart.o(i.Usart1Init) refers to stm32f10x_usart.o(i.USART_Init) for USART_Init
    usart.o(i.Usart1Init) refers to stm32f10x_usart.o(i.USART_ITConfig) for USART_ITConfig
    usart.o(i.Usart1Init) refers to stm32f10x_usart.o(i.USART_Cmd) for USART_Cmd
    usart.o(i.Usart1Init) refers to stm32f10x_usart.o(i.USART_ClearFlag) for USART_ClearFlag
    usart.o(i.Usart1Init) refers to misc.o(i.NVIC_Init) for NVIC_Init
    usart.o(i.Usart2Init) refers to stm32f10x_rcc.o(i.RCC_APB2PeriphClockCmd) for RCC_APB2PeriphClockCmd
    usart.o(i.Usart2Init) refers to stm32f10x_gpio.o(i.GPIO_Init) for GPIO_Init
    usart.o(i.Usart2Init) refers to stm32f10x_usart.o(i.USART_DeInit) for USART_DeInit
    usart.o(i.Usart2Init) refers to stm32f10x_rcc.o(i.RCC_APB1PeriphClockCmd) for RCC_APB1PeriphClockCmd
    usart.o(i.Usart2Init) refers to stm32f10x_usart.o(i.USART_Init) for USART_Init
    usart.o(i.Usart2Init) refers to stm32f10x_usart.o(i.USART_ITConfig) for USART_ITConfig
    usart.o(i.Usart2Init) refers to stm32f10x_usart.o(i.USART_Cmd) for USART_Cmd
    usart.o(i.Usart2Init) refers to stm32f10x_usart.o(i.USART_ClearFlag) for USART_ClearFlag
    usart.o(i.Usart2Init) refers to misc.o(i.NVIC_Init) for NVIC_Init
    usart.o(i.Usart3Init) refers to stm32f10x_rcc.o(i.RCC_APB2PeriphClockCmd) for RCC_APB2PeriphClockCmd
    usart.o(i.Usart3Init) refers to stm32f10x_gpio.o(i.GPIO_Init) for GPIO_Init
    usart.o(i.Usart3Init) refers to stm32f10x_usart.o(i.USART_DeInit) for USART_DeInit
    usart.o(i.Usart3Init) refers to stm32f10x_rcc.o(i.RCC_APB1PeriphClockCmd) for RCC_APB1PeriphClockCmd
    usart.o(i.Usart3Init) refers to stm32f10x_usart.o(i.USART_Init) for USART_Init
    usart.o(i.Usart3Init) refers to stm32f10x_usart.o(i.USART_ITConfig) for USART_ITConfig
    usart.o(i.Usart3Init) refers to stm32f10x_usart.o(i.USART_Cmd) for USART_Cmd
    usart.o(i.Usart3Init) refers to stm32f10x_usart.o(i.USART_ClearFlag) for USART_ClearFlag
    usart.o(i.Usart3Init) refers to misc.o(i.NVIC_Init) for NVIC_Init
    usart.o(i.UsartSendByte) refers to stm32f10x_usart.o(i.USART_SendData) for USART_SendData
    usart.o(i.UsartSendByte) refers to stm32f10x_usart.o(i.USART_GetFlagStatus) for USART_GetFlagStatus
    usart.o(i.UsartSendString) refers to usart.o(i.UsartSendByte) for UsartSendByte
    usart.o(i.fputc) refers to stm32f10x_usart.o(i.USART_SendData) for USART_SendData
    usart.o(i.fputc) refers to stm32f10x_usart.o(i.USART_GetFlagStatus) for USART_GetFlagStatus
    queue.o(.data) refers to queue.o(.bss) for rspbuff
    stm32f10x_it.o(i.BusFault_Handler) refers to segger_rtt_printf.o(i.SEGGER_RTT_printf) for SEGGER_RTT_printf
    stm32f10x_it.o(i.BusFault_Handler) refers to stm32f10x_it.o(.constdata) for .constdata
    stm32f10x_it.o(i.DebugMon_Handler) refers to segger_rtt_printf.o(i.SEGGER_RTT_printf) for SEGGER_RTT_printf
    stm32f10x_it.o(i.DebugMon_Handler) refers to stm32f10x_it.o(.constdata) for .constdata
    stm32f10x_it.o(i.HardFault_Handler) refers to segger_rtt_printf.o(i.SEGGER_RTT_printf) for SEGGER_RTT_printf
    stm32f10x_it.o(i.HardFault_Handler) refers to stm32f10x_it.o(.constdata) for .constdata
    stm32f10x_it.o(i.MemManage_Handler) refers to segger_rtt_printf.o(i.SEGGER_RTT_printf) for SEGGER_RTT_printf
    stm32f10x_it.o(i.MemManage_Handler) refers to stm32f10x_it.o(.constdata) for .constdata
    stm32f10x_it.o(i.NMI_Handler) refers to segger_rtt_printf.o(i.SEGGER_RTT_printf) for SEGGER_RTT_printf
    stm32f10x_it.o(i.NMI_Handler) refers to stm32f10x_it.o(.constdata) for .constdata
    stm32f10x_it.o(i.PendSV_Handler) refers to segger_rtt_printf.o(i.SEGGER_RTT_printf) for SEGGER_RTT_printf
    stm32f10x_it.o(i.PendSV_Handler) refers to stm32f10x_it.o(.constdata) for .constdata
    stm32f10x_it.o(i.SVC_Handler) refers to segger_rtt_printf.o(i.SEGGER_RTT_printf) for SEGGER_RTT_printf
    stm32f10x_it.o(i.SVC_Handler) refers to stm32f10x_it.o(.constdata) for .constdata
    stm32f10x_it.o(i.SysTick_Handler) refers to main.o(.data) for system_t
    stm32f10x_it.o(i.USART1_IRQHandler) refers to stm32f10x_usart.o(i.USART_ClearITPendingBit) for USART_ClearITPendingBit
    stm32f10x_it.o(i.USART1_IRQHandler) refers to stm32f10x_usart.o(i.USART_ReceiveData) for USART_ReceiveData
    stm32f10x_it.o(i.USART1_IRQHandler) refers to queue.o(i.QueueIn) for QueueIn
    stm32f10x_it.o(i.USART1_IRQHandler) refers to queue.o(.data) for rsp_queue_t
    stm32f10x_it.o(i.UsageFault_Handler) refers to segger_rtt_printf.o(i.SEGGER_RTT_printf) for SEGGER_RTT_printf
    stm32f10x_it.o(i.UsageFault_Handler) refers to stm32f10x_it.o(.constdata) for .constdata
    iwdg.o(i.IwdgInit) refers to stm32f10x_iwdg.o(i.IWDG_WriteAccessCmd) for IWDG_WriteAccessCmd
    iwdg.o(i.IwdgInit) refers to stm32f10x_iwdg.o(i.IWDG_SetPrescaler) for IWDG_SetPrescaler
    iwdg.o(i.IwdgInit) refers to stm32f10x_iwdg.o(i.IWDG_SetReload) for IWDG_SetReload
    iwdg.o(i.IwdgInit) refers to stm32f10x_iwdg.o(i.IWDG_ReloadCounter) for IWDG_ReloadCounter
    iwdg.o(i.IwdgInit) refers to stm32f10x_iwdg.o(i.IWDG_Enable) for IWDG_Enable
    magicrf.o(i.GetRespone) refers to queue.o(i.QueueOut) for QueueOut
    magicrf.o(i.GetRespone) refers to segger_rtt_printf.o(i.SEGGER_RTT_printf) for SEGGER_RTT_printf
    magicrf.o(i.GetRespone) refers to main.o(.data) for system_t
    magicrf.o(i.GetRespone) refers to magicrf.o(.bss) for .bss
    magicrf.o(i.GetRespone) refers to magicrf.o(.data) for .data
    magicrf.o(i.GetRespone) refers to magicrf.o(.constdata) for .constdata
    magicrf.o(i.GetRespone) refers to queue.o(.data) for rsp_queue_t
    magicrf.o(i.MagicRFInit) refers to segger_rtt_printf.o(i.SEGGER_RTT_printf) for SEGGER_RTT_printf
    magicrf.o(i.MagicRFInit) refers to stm32f10x_rcc.o(i.RCC_APB2PeriphClockCmd) for RCC_APB2PeriphClockCmd
    magicrf.o(i.MagicRFInit) refers to stm32f10x_gpio.o(i.GPIO_Init) for GPIO_Init
    magicrf.o(i.MagicRFInit) refers to usart.o(i.Usart1Init) for Usart1Init
    magicrf.o(i.MagicRFInit) refers to main.o(i.delay_ms) for delay_ms
    magicrf.o(i.MagicRFInit) refers to magicrf.o(i.WaitRespone) for WaitRespone
    magicrf.o(i.MagicRFInit) refers to usart.o(i.UsartSendString) for UsartSendString
    magicrf.o(i.MagicRFInit) refers to memseta.o(.text) for __aeabi_memclr4
    magicrf.o(i.MagicRFInit) refers to magicrf.o(.constdata) for .constdata
    magicrf.o(i.MagicRFTest) refers to magicrf.o(i.SetPower) for SetPower
    magicrf.o(i.MagicRFTest) refers to magicrf.o(i.StopReading) for StopReading
    magicrf.o(i.MagicRFTest) refers to magicrf.o(i.GetRespone) for GetRespone
    magicrf.o(i.MagicRFTest) refers to magicrf.o(i.StartReading) for StartReading
    magicrf.o(i.MagicRFTest) refers to memseta.o(.text) for __aeabi_memclr4
    magicrf.o(i.MagicRFTest) refers to segger_rtt_printf.o(i.SEGGER_RTT_printf) for SEGGER_RTT_printf
    magicrf.o(i.MagicRFTest) refers to stm32f10x_iwdg.o(i.IWDG_ReloadCounter) for IWDG_ReloadCounter
    magicrf.o(i.MagicRFTest) refers to main.o(.data) for system_t
    magicrf.o(i.MagicRFTest) refers to magicrf.o(.constdata) for .constdata
    magicrf.o(i.SetPower) refers to segger_rtt_printf.o(i.SEGGER_RTT_printf) for SEGGER_RTT_printf
    magicrf.o(i.SetPower) refers to usart.o(i.UsartSendString) for UsartSendString
    magicrf.o(i.SetPower) refers to magicrf.o(i.WaitRespone) for WaitRespone
    magicrf.o(i.SetPower) refers to magicrf.o(.constdata) for .constdata
    magicrf.o(i.StartReading) refers to segger_rtt_printf.o(i.SEGGER_RTT_printf) for SEGGER_RTT_printf
    magicrf.o(i.StartReading) refers to usart.o(i.UsartSendString) for UsartSendString
    magicrf.o(i.StartReading) refers to magicrf.o(i.WaitRespone) for WaitRespone
    magicrf.o(i.StartReading) refers to magicrf.o(.constdata) for .constdata
    magicrf.o(i.StopReading) refers to segger_rtt_printf.o(i.SEGGER_RTT_printf) for SEGGER_RTT_printf
    magicrf.o(i.StopReading) refers to usart.o(i.UsartSendString) for UsartSendString
    magicrf.o(i.StopReading) refers to magicrf.o(i.WaitRespone) for WaitRespone
    magicrf.o(i.StopReading) refers to magicrf.o(.constdata) for .constdata
    magicrf.o(i.WaitRespone) refers to main.o(i.delay_ms) for delay_ms
    magicrf.o(i.WaitRespone) refers to magicrf.o(i.GetRespone) for GetRespone
    magicrf.o(.constdata) refers to magicrf.o(.bss) for magicrfbuff
    segger_rtt.o(i.SEGGER_RTT_AllocDownBuffer) refers to segger_rtt.o(i._DoInit) for _DoInit
    segger_rtt.o(i.SEGGER_RTT_AllocDownBuffer) refers to segger_rtt.o(.bss) for .bss
    segger_rtt.o(i.SEGGER_RTT_AllocUpBuffer) refers to segger_rtt.o(i._DoInit) for _DoInit
    segger_rtt.o(i.SEGGER_RTT_AllocUpBuffer) refers to segger_rtt.o(.bss) for .bss
    segger_rtt.o(i.SEGGER_RTT_ConfigDownBuffer) refers to segger_rtt.o(i._DoInit) for _DoInit
    segger_rtt.o(i.SEGGER_RTT_ConfigDownBuffer) refers to segger_rtt.o(.bss) for .bss
    segger_rtt.o(i.SEGGER_RTT_ConfigUpBuffer) refers to segger_rtt.o(i._DoInit) for _DoInit
    segger_rtt.o(i.SEGGER_RTT_ConfigUpBuffer) refers to segger_rtt.o(.bss) for .bss
    segger_rtt.o(i.SEGGER_RTT_GetKey) refers to segger_rtt.o(i.SEGGER_RTT_Read) for SEGGER_RTT_Read
    segger_rtt.o(i.SEGGER_RTT_HasData) refers to segger_rtt.o(.bss) for .bss
    segger_rtt.o(i.SEGGER_RTT_HasDataUp) refers to segger_rtt.o(.bss) for .bss
    segger_rtt.o(i.SEGGER_RTT_HasKey) refers to segger_rtt.o(i._DoInit) for _DoInit
    segger_rtt.o(i.SEGGER_RTT_HasKey) refers to segger_rtt.o(.bss) for .bss
    segger_rtt.o(i.SEGGER_RTT_Init) refers to segger_rtt.o(i._DoInit) for _DoInit
    segger_rtt.o(i.SEGGER_RTT_PutChar) refers to segger_rtt.o(i._DoInit) for _DoInit
    segger_rtt.o(i.SEGGER_RTT_PutChar) refers to segger_rtt.o(.bss) for .bss
    segger_rtt.o(i.SEGGER_RTT_PutCharSkip) refers to segger_rtt.o(i._DoInit) for _DoInit
    segger_rtt.o(i.SEGGER_RTT_PutCharSkip) refers to segger_rtt.o(.bss) for .bss
    segger_rtt.o(i.SEGGER_RTT_PutCharSkipNoLock) refers to segger_rtt.o(.bss) for .bss
    segger_rtt.o(i.SEGGER_RTT_Read) refers to segger_rtt.o(i.SEGGER_RTT_ReadNoLock) for SEGGER_RTT_ReadNoLock
    segger_rtt.o(i.SEGGER_RTT_ReadNoLock) refers to segger_rtt.o(i._DoInit) for _DoInit
    segger_rtt.o(i.SEGGER_RTT_ReadNoLock) refers to memcpya.o(.text) for __aeabi_memcpy
    segger_rtt.o(i.SEGGER_RTT_ReadNoLock) refers to segger_rtt.o(.bss) for .bss
    segger_rtt.o(i.SEGGER_RTT_SetFlagsDownBuffer) refers to segger_rtt.o(i._DoInit) for _DoInit
    segger_rtt.o(i.SEGGER_RTT_SetFlagsDownBuffer) refers to segger_rtt.o(.bss) for .bss
    segger_rtt.o(i.SEGGER_RTT_SetFlagsUpBuffer) refers to segger_rtt.o(i._DoInit) for _DoInit
    segger_rtt.o(i.SEGGER_RTT_SetFlagsUpBuffer) refers to segger_rtt.o(.bss) for .bss
    segger_rtt.o(i.SEGGER_RTT_SetNameDownBuffer) refers to segger_rtt.o(i._DoInit) for _DoInit
    segger_rtt.o(i.SEGGER_RTT_SetNameDownBuffer) refers to segger_rtt.o(.bss) for .bss
    segger_rtt.o(i.SEGGER_RTT_SetNameUpBuffer) refers to segger_rtt.o(i._DoInit) for _DoInit
    segger_rtt.o(i.SEGGER_RTT_SetNameUpBuffer) refers to segger_rtt.o(.bss) for .bss
    segger_rtt.o(i.SEGGER_RTT_SetTerminal) refers to segger_rtt.o(i._DoInit) for _DoInit
    segger_rtt.o(i.SEGGER_RTT_SetTerminal) refers to segger_rtt.o(i._GetAvailWriteSpace) for _GetAvailWriteSpace
    segger_rtt.o(i.SEGGER_RTT_SetTerminal) refers to segger_rtt.o(i._WriteNoCheck) for _WriteNoCheck
    segger_rtt.o(i.SEGGER_RTT_SetTerminal) refers to segger_rtt.o(i._WriteBlocking) for _WriteBlocking
    segger_rtt.o(i.SEGGER_RTT_SetTerminal) refers to segger_rtt.o(.bss) for .bss
    segger_rtt.o(i.SEGGER_RTT_SetTerminal) refers to segger_rtt.o(.data) for .data
    segger_rtt.o(i.SEGGER_RTT_TerminalOut) refers to segger_rtt.o(i._DoInit) for _DoInit
    segger_rtt.o(i.SEGGER_RTT_TerminalOut) refers to strlen.o(.text) for strlen
    segger_rtt.o(i.SEGGER_RTT_TerminalOut) refers to segger_rtt.o(i._GetAvailWriteSpace) for _GetAvailWriteSpace
    segger_rtt.o(i.SEGGER_RTT_TerminalOut) refers to segger_rtt.o(i._PostTerminalSwitch) for _PostTerminalSwitch
    segger_rtt.o(i.SEGGER_RTT_TerminalOut) refers to segger_rtt.o(i._WriteBlocking) for _WriteBlocking
    segger_rtt.o(i.SEGGER_RTT_TerminalOut) refers to segger_rtt.o(.bss) for .bss
    segger_rtt.o(i.SEGGER_RTT_TerminalOut) refers to segger_rtt.o(.data) for .data
    segger_rtt.o(i.SEGGER_RTT_WaitKey) refers to segger_rtt.o(i.SEGGER_RTT_GetKey) for SEGGER_RTT_GetKey
    segger_rtt.o(i.SEGGER_RTT_Write) refers to segger_rtt.o(i._DoInit) for _DoInit
    segger_rtt.o(i.SEGGER_RTT_Write) refers to segger_rtt.o(i.SEGGER_RTT_WriteNoLock) for SEGGER_RTT_WriteNoLock
    segger_rtt.o(i.SEGGER_RTT_Write) refers to segger_rtt.o(.bss) for .bss
    segger_rtt.o(i.SEGGER_RTT_WriteNoLock) refers to segger_rtt.o(i._GetAvailWriteSpace) for _GetAvailWriteSpace
    segger_rtt.o(i.SEGGER_RTT_WriteNoLock) refers to segger_rtt.o(i._WriteNoCheck) for _WriteNoCheck
    segger_rtt.o(i.SEGGER_RTT_WriteNoLock) refers to segger_rtt.o(i._WriteBlocking) for _WriteBlocking
    segger_rtt.o(i.SEGGER_RTT_WriteNoLock) refers to segger_rtt.o(.bss) for .bss
    segger_rtt.o(i.SEGGER_RTT_WriteSkipNoLock) refers to memcpya.o(.text) for __aeabi_memcpy
    segger_rtt.o(i.SEGGER_RTT_WriteSkipNoLock) refers to segger_rtt.o(.bss) for .bss
    segger_rtt.o(i.SEGGER_RTT_WriteString) refers to strlen.o(.text) for strlen
    segger_rtt.o(i.SEGGER_RTT_WriteString) refers to segger_rtt.o(i.SEGGER_RTT_Write) for SEGGER_RTT_Write
    segger_rtt.o(i.SEGGER_RTT_WriteWithOverwriteNoLock) refers to memcpya.o(.text) for __aeabi_memcpy
    segger_rtt.o(i.SEGGER_RTT_WriteWithOverwriteNoLock) refers to segger_rtt.o(.bss) for .bss
    segger_rtt.o(i._DoInit) refers to strcpy.o(.text) for strcpy
    segger_rtt.o(i._DoInit) refers to segger_rtt.o(.bss) for .bss
    segger_rtt.o(i._PostTerminalSwitch) refers to segger_rtt.o(i._WriteBlocking) for _WriteBlocking
    segger_rtt.o(i._PostTerminalSwitch) refers to segger_rtt.o(.data) for .data
    segger_rtt.o(i._WriteBlocking) refers to memcpya.o(.text) for __aeabi_memcpy
    segger_rtt.o(i._WriteNoCheck) refers to memcpya.o(.text) for __aeabi_memcpy
    segger_rtt_printf.o(i.SEGGER_RTT_printf) refers to segger_rtt_printf.o(i.SEGGER_RTT_vprintf) for SEGGER_RTT_vprintf
    segger_rtt_printf.o(i.SEGGER_RTT_vprintf) refers to segger_rtt_printf.o(i._StoreChar) for _StoreChar
    segger_rtt_printf.o(i.SEGGER_RTT_vprintf) refers to segger_rtt.o(i.SEGGER_RTT_Write) for SEGGER_RTT_Write
    segger_rtt_printf.o(i.SEGGER_RTT_vprintf) refers to segger_rtt_printf.o(i._PrintInt) for _PrintInt
    segger_rtt_printf.o(i.SEGGER_RTT_vprintf) refers to segger_rtt_printf.o(i._PrintUnsigned) for _PrintUnsigned
    segger_rtt_printf.o(i._PrintInt) refers to segger_rtt_printf.o(i._StoreChar) for _StoreChar
    segger_rtt_printf.o(i._PrintInt) refers to segger_rtt_printf.o(i._PrintUnsigned) for _PrintUnsigned
    segger_rtt_printf.o(i._PrintUnsigned) refers to segger_rtt_printf.o(i._StoreChar) for _StoreChar
    segger_rtt_printf.o(i._PrintUnsigned) refers to segger_rtt_printf.o(.constdata) for .constdata
    segger_rtt_printf.o(i._StoreChar) refers to segger_rtt.o(i.SEGGER_RTT_Write) for SEGGER_RTT_Write
    segger_rtt_syscalls_keil.o(i._sys_open) refers to strcmp.o(.text) for strcmp
    segger_rtt_syscalls_keil.o(i._sys_open) refers to segger_rtt_syscalls_keil.o(.constdata) for .constdata
    segger_rtt_syscalls_keil.o(i._sys_write) refers to segger_rtt.o(i.SEGGER_RTT_Write) for SEGGER_RTT_Write
    segger_rtt_syscalls_keil.o(i._ttywrch) refers to usart.o(i.fputc) for fputc
    segger_rtt_syscalls_keil.o(i._ttywrch) refers to fflush.o(.text) for fflush
    segger_rtt_syscalls_keil.o(i._ttywrch) refers to stdout.o(.data) for __stdout
    stm32f10x_gpio.o(i.GPIO_AFIODeInit) refers to stm32f10x_rcc.o(i.RCC_APB2PeriphResetCmd) for RCC_APB2PeriphResetCmd
    stm32f10x_gpio.o(i.GPIO_DeInit) refers to stm32f10x_rcc.o(i.RCC_APB2PeriphResetCmd) for RCC_APB2PeriphResetCmd
    stm32f10x_rcc.o(i.RCC_GetClocksFreq) refers to stm32f10x_rcc.o(.data) for .data
    stm32f10x_rcc.o(i.RCC_WaitForHSEStartUp) refers to stm32f10x_rcc.o(i.RCC_GetFlagStatus) for RCC_GetFlagStatus
    stm32f10x_usart.o(i.USART_DeInit) refers to stm32f10x_rcc.o(i.RCC_APB2PeriphResetCmd) for RCC_APB2PeriphResetCmd
    stm32f10x_usart.o(i.USART_DeInit) refers to stm32f10x_rcc.o(i.RCC_APB1PeriphResetCmd) for RCC_APB1PeriphResetCmd
    stm32f10x_usart.o(i.USART_Init) refers to stm32f10x_rcc.o(i.RCC_GetClocksFreq) for RCC_GetClocksFreq
    system_stm32f10x.o(i.SetSysClock) refers to system_stm32f10x.o(i.SetSysClockTo72) for SetSysClockTo72
    system_stm32f10x.o(i.SystemCoreClockUpdate) refers to system_stm32f10x.o(.data) for .data
    system_stm32f10x.o(i.SystemInit) refers to system_stm32f10x.o(i.SetSysClock) for SetSysClock
    startup_stm32f10x_md.o(RESET) refers to startup_stm32f10x_md.o(STACK) for __initial_sp
    startup_stm32f10x_md.o(RESET) refers to startup_stm32f10x_md.o(.text) for Reset_Handler
    startup_stm32f10x_md.o(RESET) refers to stm32f10x_it.o(i.NMI_Handler) for NMI_Handler
    startup_stm32f10x_md.o(RESET) refers to stm32f10x_it.o(i.HardFault_Handler) for HardFault_Handler
    startup_stm32f10x_md.o(RESET) refers to stm32f10x_it.o(i.MemManage_Handler) for MemManage_Handler
    startup_stm32f10x_md.o(RESET) refers to stm32f10x_it.o(i.BusFault_Handler) for BusFault_Handler
    startup_stm32f10x_md.o(RESET) refers to stm32f10x_it.o(i.UsageFault_Handler) for UsageFault_Handler
    startup_stm32f10x_md.o(RESET) refers to stm32f10x_it.o(i.SVC_Handler) for SVC_Handler
    startup_stm32f10x_md.o(RESET) refers to stm32f10x_it.o(i.DebugMon_Handler) for DebugMon_Handler
    startup_stm32f10x_md.o(RESET) refers to stm32f10x_it.o(i.PendSV_Handler) for PendSV_Handler
    startup_stm32f10x_md.o(RESET) refers to stm32f10x_it.o(i.SysTick_Handler) for SysTick_Handler
    startup_stm32f10x_md.o(RESET) refers to stm32f10x_it.o(i.USART1_IRQHandler) for USART1_IRQHandler
    startup_stm32f10x_md.o(.text) refers to system_stm32f10x.o(i.SystemInit) for SystemInit
    startup_stm32f10x_md.o(.text) refers to entry.o(.ARM.Collect$$$$00000000) for __main
    entry.o(.ARM.Collect$$$$00000000) refers (Special) to entry10a.o(.ARM.Collect$$$$0000000F) for __rt_final_cpp
    entry.o(.ARM.Collect$$$$00000000) refers (Special) to entry11a.o(.ARM.Collect$$$$00000011) for __rt_final_exit
    entry.o(.ARM.Collect$$$$00000000) refers (Special) to entry12b.o(.ARM.Collect$$$$0000000E) for __rt_lib_shutdown_fini
    entry.o(.ARM.Collect$$$$00000000) refers (Special) to entry7b.o(.ARM.Collect$$$$00000008) for _main_clock
    entry.o(.ARM.Collect$$$$00000000) refers (Special) to entry8b.o(.ARM.Collect$$$$0000000A) for _main_cpp_init
    entry.o(.ARM.Collect$$$$00000000) refers (Special) to entry9a.o(.ARM.Collect$$$$0000000B) for _main_init
    entry.o(.ARM.Collect$$$$00000000) refers (Special) to entry5.o(.ARM.Collect$$$$00000004) for _main_scatterload
    entry.o(.ARM.Collect$$$$00000000) refers (Special) to entry2.o(.ARM.Collect$$$$00000001) for _main_stk
    entry2.o(.ARM.Collect$$$$00000001) refers to entry2.o(.ARM.Collect$$$$00002712) for __lit__00000000
    entry2.o(.ARM.Collect$$$$00002712) refers to startup_stm32f10x_md.o(STACK) for __initial_sp
    entry2.o(__vectab_stack_and_reset_area) refers to startup_stm32f10x_md.o(STACK) for __initial_sp
    entry2.o(__vectab_stack_and_reset_area) refers to entry.o(.ARM.Collect$$$$00000000) for __main
    entry5.o(.ARM.Collect$$$$00000004) refers to init.o(.text) for __scatterload
    entry9a.o(.ARM.Collect$$$$0000000B) refers to main.o(i.main) for main
    entry9b.o(.ARM.Collect$$$$0000000C) refers to main.o(i.main) for main
    init.o(.text) refers to entry5.o(.ARM.Collect$$$$00000004) for __main_after_scatterload


==============================================================================

Removing Unused input sections from the image.

    Removing usart.o(i.Usart2Init), (176 bytes).
    Removing usart.o(i.Usart3Init), (180 bytes).
    Removing usart.o(i.fputc), (36 bytes).
    Removing queue.o(i.QueueUsing), (20 bytes).
    Removing magicrf.o(i.CalSum), (26 bytes).
    Removing segger_rtt.o(i.SEGGER_RTT_AllocDownBuffer), (112 bytes).
    Removing segger_rtt.o(i.SEGGER_RTT_AllocUpBuffer), (112 bytes).
    Removing segger_rtt.o(i.SEGGER_RTT_ConfigDownBuffer), (96 bytes).
    Removing segger_rtt.o(i.SEGGER_RTT_ConfigUpBuffer), (96 bytes).
    Removing segger_rtt.o(i.SEGGER_RTT_GetKey), (28 bytes).
    Removing segger_rtt.o(i.SEGGER_RTT_HasData), (24 bytes).
    Removing segger_rtt.o(i.SEGGER_RTT_HasDataUp), (24 bytes).
    Removing segger_rtt.o(i.SEGGER_RTT_HasKey), (36 bytes).
    Removing segger_rtt.o(i.SEGGER_RTT_PutChar), (96 bytes).
    Removing segger_rtt.o(i.SEGGER_RTT_PutCharSkip), (84 bytes).
    Removing segger_rtt.o(i.SEGGER_RTT_PutCharSkipNoLock), (52 bytes).
    Removing segger_rtt.o(i.SEGGER_RTT_Read), (24 bytes).
    Removing segger_rtt.o(i.SEGGER_RTT_ReadNoLock), (124 bytes).
    Removing segger_rtt.o(i.SEGGER_RTT_SetFlagsDownBuffer), (64 bytes).
    Removing segger_rtt.o(i.SEGGER_RTT_SetFlagsUpBuffer), (64 bytes).
    Removing segger_rtt.o(i.SEGGER_RTT_SetNameDownBuffer), (64 bytes).
    Removing segger_rtt.o(i.SEGGER_RTT_SetNameUpBuffer), (64 bytes).
    Removing segger_rtt.o(i.SEGGER_RTT_SetTerminal), (144 bytes).
    Removing segger_rtt.o(i.SEGGER_RTT_TerminalOut), (228 bytes).
    Removing segger_rtt.o(i.SEGGER_RTT_WaitKey), (12 bytes).
    Removing segger_rtt.o(i.SEGGER_RTT_WriteSkipNoLock), (120 bytes).
    Removing segger_rtt.o(i.SEGGER_RTT_WriteString), (26 bytes).
    Removing segger_rtt.o(i.SEGGER_RTT_WriteWithOverwriteNoLock), (160 bytes).
    Removing segger_rtt.o(i._PostTerminalSwitch), (32 bytes).
    Removing segger_rtt.o(.data), (17 bytes).
    Removing segger_rtt_syscalls_keil.o(i._sys_close), (4 bytes).
    Removing segger_rtt_syscalls_keil.o(i._sys_command_string), (2 bytes).
    Removing segger_rtt_syscalls_keil.o(i._sys_ensure), (6 bytes).
    Removing segger_rtt_syscalls_keil.o(i._sys_exit), (2 bytes).
    Removing segger_rtt_syscalls_keil.o(i._sys_flen), (4 bytes).
    Removing segger_rtt_syscalls_keil.o(i._sys_istty), (14 bytes).
    Removing segger_rtt_syscalls_keil.o(i._sys_open), (48 bytes).
    Removing segger_rtt_syscalls_keil.o(i._sys_read), (4 bytes).
    Removing segger_rtt_syscalls_keil.o(i._sys_seek), (4 bytes).
    Removing segger_rtt_syscalls_keil.o(i._sys_tmpnam), (4 bytes).
    Removing segger_rtt_syscalls_keil.o(i._sys_write), (26 bytes).
    Removing segger_rtt_syscalls_keil.o(i._ttywrch), (24 bytes).
    Removing segger_rtt_syscalls_keil.o(.constdata), (14 bytes).
    Removing misc.o(i.NVIC_SetVectorTable), (20 bytes).
    Removing misc.o(i.NVIC_SystemLPConfig), (28 bytes).
    Removing misc.o(i.SysTick_CLKSourceConfig), (28 bytes).
    Removing stm32f10x_gpio.o(i.GPIO_AFIODeInit), (22 bytes).
    Removing stm32f10x_gpio.o(i.GPIO_DeInit), (216 bytes).
    Removing stm32f10x_gpio.o(i.GPIO_ETH_MediaInterfaceConfig), (12 bytes).
    Removing stm32f10x_gpio.o(i.GPIO_EXTILineConfig), (40 bytes).
    Removing stm32f10x_gpio.o(i.GPIO_EventOutputCmd), (12 bytes).
    Removing stm32f10x_gpio.o(i.GPIO_EventOutputConfig), (28 bytes).
    Removing stm32f10x_gpio.o(i.GPIO_PinLockConfig), (16 bytes).
    Removing stm32f10x_gpio.o(i.GPIO_PinRemapConfig), (92 bytes).
    Removing stm32f10x_gpio.o(i.GPIO_ReadInputData), (6 bytes).
    Removing stm32f10x_gpio.o(i.GPIO_ReadInputDataBit), (14 bytes).
    Removing stm32f10x_gpio.o(i.GPIO_ReadOutputData), (6 bytes).
    Removing stm32f10x_gpio.o(i.GPIO_ReadOutputDataBit), (14 bytes).
    Removing stm32f10x_gpio.o(i.GPIO_ResetBits), (4 bytes).
    Removing stm32f10x_gpio.o(i.GPIO_SetBits), (4 bytes).
    Removing stm32f10x_gpio.o(i.GPIO_StructInit), (16 bytes).
    Removing stm32f10x_gpio.o(i.GPIO_Write), (4 bytes).
    Removing stm32f10x_gpio.o(i.GPIO_WriteBit), (12 bytes).
    Removing stm32f10x_iwdg.o(i.IWDG_GetFlagStatus), (20 bytes).
    Removing stm32f10x_rcc.o(i.RCC_ADCCLKConfig), (20 bytes).
    Removing stm32f10x_rcc.o(i.RCC_AHBPeriphClockCmd), (28 bytes).
    Removing stm32f10x_rcc.o(i.RCC_APB1PeriphClockCmd), (28 bytes).
    Removing stm32f10x_rcc.o(i.RCC_AdjustHSICalibrationValue), (20 bytes).
    Removing stm32f10x_rcc.o(i.RCC_BackupResetCmd), (12 bytes).
    Removing stm32f10x_rcc.o(i.RCC_ClearFlag), (16 bytes).
    Removing stm32f10x_rcc.o(i.RCC_ClearITPendingBit), (12 bytes).
    Removing stm32f10x_rcc.o(i.RCC_ClockSecuritySystemCmd), (12 bytes).
    Removing stm32f10x_rcc.o(i.RCC_DeInit), (64 bytes).
    Removing stm32f10x_rcc.o(i.RCC_GetFlagStatus), (48 bytes).
    Removing stm32f10x_rcc.o(i.RCC_GetITStatus), (20 bytes).
    Removing stm32f10x_rcc.o(i.RCC_GetSYSCLKSource), (16 bytes).
    Removing stm32f10x_rcc.o(i.RCC_HCLKConfig), (20 bytes).
    Removing stm32f10x_rcc.o(i.RCC_HSEConfig), (56 bytes).
    Removing stm32f10x_rcc.o(i.RCC_HSICmd), (12 bytes).
    Removing stm32f10x_rcc.o(i.RCC_ITConfig), (28 bytes).
    Removing stm32f10x_rcc.o(i.RCC_LSEConfig), (40 bytes).
    Removing stm32f10x_rcc.o(i.RCC_LSICmd), (12 bytes).
    Removing stm32f10x_rcc.o(i.RCC_MCOConfig), (12 bytes).
    Removing stm32f10x_rcc.o(i.RCC_PCLK1Config), (20 bytes).
    Removing stm32f10x_rcc.o(i.RCC_PCLK2Config), (20 bytes).
    Removing stm32f10x_rcc.o(i.RCC_PLLCmd), (12 bytes).
    Removing stm32f10x_rcc.o(i.RCC_PLLConfig), (20 bytes).
    Removing stm32f10x_rcc.o(i.RCC_RTCCLKCmd), (12 bytes).
    Removing stm32f10x_rcc.o(i.RCC_RTCCLKConfig), (16 bytes).
    Removing stm32f10x_rcc.o(i.RCC_SYSCLKConfig), (20 bytes).
    Removing stm32f10x_rcc.o(i.RCC_USBCLKConfig), (12 bytes).
    Removing stm32f10x_rcc.o(i.RCC_WaitForHSEStartUp), (48 bytes).
    Removing stm32f10x_usart.o(i.USART_ClockInit), (30 bytes).
    Removing stm32f10x_usart.o(i.USART_ClockStructInit), (12 bytes).
    Removing stm32f10x_usart.o(i.USART_DMACmd), (20 bytes).
    Removing stm32f10x_usart.o(i.USART_GetITStatus), (64 bytes).
    Removing stm32f10x_usart.o(i.USART_HalfDuplexCmd), (24 bytes).
    Removing stm32f10x_usart.o(i.USART_IrDACmd), (24 bytes).
    Removing stm32f10x_usart.o(i.USART_IrDAConfig), (16 bytes).
    Removing stm32f10x_usart.o(i.USART_LINBreakDetectLengthConfig), (16 bytes).
    Removing stm32f10x_usart.o(i.USART_LINCmd), (24 bytes).
    Removing stm32f10x_usart.o(i.USART_OneBitMethodCmd), (24 bytes).
    Removing stm32f10x_usart.o(i.USART_OverSampling8Cmd), (24 bytes).
    Removing stm32f10x_usart.o(i.USART_ReceiverWakeUpCmd), (24 bytes).
    Removing stm32f10x_usart.o(i.USART_SendBreak), (10 bytes).
    Removing stm32f10x_usart.o(i.USART_SetAddress), (16 bytes).
    Removing stm32f10x_usart.o(i.USART_SetGuardTime), (16 bytes).
    Removing stm32f10x_usart.o(i.USART_SetPrescaler), (16 bytes).
    Removing stm32f10x_usart.o(i.USART_SmartCardCmd), (24 bytes).
    Removing stm32f10x_usart.o(i.USART_SmartCardNACKCmd), (24 bytes).
    Removing stm32f10x_usart.o(i.USART_StructInit), (22 bytes).
    Removing stm32f10x_usart.o(i.USART_WakeUpConfig), (16 bytes).
    Removing core_cm3.o(.emb_text), (32 bytes).
    Removing system_stm32f10x.o(i.SystemCoreClockUpdate), (124 bytes).
    Removing system_stm32f10x.o(.data), (20 bytes).
    Removing startup_stm32f10x_md.o(HEAP), (512 bytes).

116 unused section(s) (total 4901 bytes) removed from the image.

==============================================================================

Image Symbol Table

    Local Symbols

    Symbol Name                              Value     Ov Type        Size  Object(Section)

    ../clib/microlib/init/entry.s            0x00000000   Number         0  entry5.o ABSOLUTE
    ../clib/microlib/init/entry.s            0x00000000   Number         0  entry.o ABSOLUTE
    ../clib/microlib/init/entry.s            0x00000000   Number         0  entry12b.o ABSOLUTE
    ../clib/microlib/init/entry.s            0x00000000   Number         0  entry12a.o ABSOLUTE
    ../clib/microlib/init/entry.s            0x00000000   Number         0  entry11b.o ABSOLUTE
    ../clib/microlib/init/entry.s            0x00000000   Number         0  entry11a.o ABSOLUTE
    ../clib/microlib/init/entry.s            0x00000000   Number         0  entry10b.o ABSOLUTE
    ../clib/microlib/init/entry.s            0x00000000   Number         0  entry10a.o ABSOLUTE
    ../clib/microlib/init/entry.s            0x00000000   Number         0  entry9b.o ABSOLUTE
    ../clib/microlib/init/entry.s            0x00000000   Number         0  entry9a.o ABSOLUTE
    ../clib/microlib/init/entry.s            0x00000000   Number         0  entry8b.o ABSOLUTE
    ../clib/microlib/init/entry.s            0x00000000   Number         0  entry8a.o ABSOLUTE
    ../clib/microlib/init/entry.s            0x00000000   Number         0  entry7b.o ABSOLUTE
    ../clib/microlib/init/entry.s            0x00000000   Number         0  entry7a.o ABSOLUTE
    ../clib/microlib/init/entry.s            0x00000000   Number         0  entry2.o ABSOLUTE
    ../clib/microlib/stdio/fflush.c          0x00000000   Number         0  fflush.o ABSOLUTE
    ../clib/microlib/stdio/streams.c         0x00000000   Number         0  stdout.o ABSOLUTE
    ../clib/microlib/string/memcpy.c         0x00000000   Number         0  memcpya.o ABSOLUTE
    ../clib/microlib/string/memcpy.c         0x00000000   Number         0  memcpyb.o ABSOLUTE
    ../clib/microlib/string/memset.c         0x00000000   Number         0  memseta.o ABSOLUTE
    ../clib/microlib/string/strcmp.c         0x00000000   Number         0  strcmp.o ABSOLUTE
    ../clib/microlib/string/strcpy.c         0x00000000   Number         0  strcpy.o ABSOLUTE
    ../clib/microlib/string/strlen.c         0x00000000   Number         0  strlen.o ABSOLUTE
    ../clib/microlib/stubs.s                 0x00000000   Number         0  useno.o ABSOLUTE
    ..\Libraries\CMSIS\CM3\CoreSupport\core_cm3.c 0x00000000   Number         0  core_cm3.o ABSOLUTE
    ..\Libraries\CMSIS\CM3\DeviceSupport\ST\STM32F10x\startup\arm\startup_stm32f10x_md.s 0x00000000   Number         0  startup_stm32f10x_md.o ABSOLUTE
    ..\Libraries\CMSIS\CM3\DeviceSupport\ST\STM32F10x\system_stm32f10x.c 0x00000000   Number         0  system_stm32f10x.o ABSOLUTE
    ..\Libraries\STM32F10x_StdPeriph_Driver\src\misc.c 0x00000000   Number         0  misc.o ABSOLUTE
    ..\Libraries\STM32F10x_StdPeriph_Driver\src\stm32f10x_gpio.c 0x00000000   Number         0  stm32f10x_gpio.o ABSOLUTE
    ..\Libraries\STM32F10x_StdPeriph_Driver\src\stm32f10x_iwdg.c 0x00000000   Number         0  stm32f10x_iwdg.o ABSOLUTE
    ..\Libraries\STM32F10x_StdPeriph_Driver\src\stm32f10x_rcc.c 0x00000000   Number         0  stm32f10x_rcc.o ABSOLUTE
    ..\Libraries\STM32F10x_StdPeriph_Driver\src\stm32f10x_usart.c 0x00000000   Number         0  stm32f10x_usart.o ABSOLUTE
    ..\SEGGER_RTT_V646a\RTT\SEGGER_RTT.c     0x00000000   Number         0  segger_rtt.o ABSOLUTE
    ..\SEGGER_RTT_V646a\RTT\SEGGER_RTT_printf.c 0x00000000   Number         0  segger_rtt_printf.o ABSOLUTE
    ..\SEGGER_RTT_V646a\Syscalls\SEGGER_RTT_Syscalls_KEIL.c 0x00000000   Number         0  segger_rtt_syscalls_keil.o ABSOLUTE
    ..\\Libraries\\CMSIS\\CM3\\CoreSupport\\core_cm3.c 0x00000000   Number         0  core_cm3.o ABSOLUTE
    ..\iamb_q\iwdg.c                         0x00000000   Number         0  iwdg.o ABSOLUTE
    ..\iamb_q\magicrf.c                      0x00000000   Number         0  magicrf.o ABSOLUTE
    ..\iamb_q\main.c                         0x00000000   Number         0  main.o ABSOLUTE
    ..\iamb_q\queue.c                        0x00000000   Number         0  queue.o ABSOLUTE
    ..\iamb_q\usart.c                        0x00000000   Number         0  usart.o ABSOLUTE
    dc.s                                     0x00000000   Number         0  dc.o ABSOLUTE
    handlers.s                               0x00000000   Number         0  handlers.o ABSOLUTE
    init.s                                   0x00000000   Number         0  init.o ABSOLUTE
    stm32f10x_it.c                           0x00000000   Number         0  stm32f10x_it.o ABSOLUTE
    RESET                                    0x08000000   Section      236  startup_stm32f10x_md.o(RESET)
    .ARM.Collect$$$$00000000                 0x080000ec   Section        0  entry.o(.ARM.Collect$$$$00000000)
    .ARM.Collect$$$$00000001                 0x080000ec   Section        4  entry2.o(.ARM.Collect$$$$00000001)
    .ARM.Collect$$$$00000004                 0x080000f0   Section        4  entry5.o(.ARM.Collect$$$$00000004)
    .ARM.Collect$$$$00000008                 0x080000f4   Section        0  entry7b.o(.ARM.Collect$$$$00000008)
    .ARM.Collect$$$$0000000A                 0x080000f4   Section        0  entry8b.o(.ARM.Collect$$$$0000000A)
    .ARM.Collect$$$$0000000B                 0x080000f4   Section        8  entry9a.o(.ARM.Collect$$$$0000000B)
    .ARM.Collect$$$$0000000E                 0x080000fc   Section        4  entry12b.o(.ARM.Collect$$$$0000000E)
    .ARM.Collect$$$$0000000F                 0x08000100   Section        0  entry10a.o(.ARM.Collect$$$$0000000F)
    .ARM.Collect$$$$00000011                 0x08000100   Section        0  entry11a.o(.ARM.Collect$$$$00000011)
    .ARM.Collect$$$$00002712                 0x08000100   Section        4  entry2.o(.ARM.Collect$$$$00002712)
    __lit__00000000                          0x08000100   Data           4  entry2.o(.ARM.Collect$$$$00002712)
    .text                                    0x08000104   Section       36  startup_stm32f10x_md.o(.text)
    .text                                    0x08000128   Section        0  memcpya.o(.text)
    .text                                    0x0800014c   Section        0  memseta.o(.text)
    .text                                    0x08000170   Section        0  strcpy.o(.text)
    .text                                    0x08000184   Section       36  init.o(.text)
    i.BusFault_Handler                       0x080001a8   Section        0  stm32f10x_it.o(i.BusFault_Handler)
    i.DebugMon_Handler                       0x080001cc   Section        0  stm32f10x_it.o(i.DebugMon_Handler)
    i.GPIO_Init                              0x080001f0   Section        0  stm32f10x_gpio.o(i.GPIO_Init)
    i.GetRespone                             0x08000298   Section        0  magicrf.o(i.GetRespone)
    i.HardFault_Handler                      0x08000380   Section        0  stm32f10x_it.o(i.HardFault_Handler)
    i.IWDG_Enable                            0x080003a4   Section        0  stm32f10x_iwdg.o(i.IWDG_Enable)
    i.IWDG_ReloadCounter                     0x080003b4   Section        0  stm32f10x_iwdg.o(i.IWDG_ReloadCounter)
    i.IWDG_SetPrescaler                      0x080003c4   Section        0  stm32f10x_iwdg.o(i.IWDG_SetPrescaler)
    i.IWDG_SetReload                         0x080003d0   Section        0  stm32f10x_iwdg.o(i.IWDG_SetReload)
    i.IWDG_WriteAccessCmd                    0x080003dc   Section        0  stm32f10x_iwdg.o(i.IWDG_WriteAccessCmd)
    i.IwdgInit                               0x080003e8   Section        0  iwdg.o(i.IwdgInit)
    i.MagicRFInit                            0x08000410   Section        0  magicrf.o(i.MagicRFInit)
    i.MagicRFTest                            0x0800051c   Section        0  magicrf.o(i.MagicRFTest)
    i.MemManage_Handler                      0x08000684   Section        0  stm32f10x_it.o(i.MemManage_Handler)
    i.NMI_Handler                            0x080006a8   Section        0  stm32f10x_it.o(i.NMI_Handler)
    i.NVIC_Init                              0x080006cc   Section        0  misc.o(i.NVIC_Init)
    i.NVIC_PriorityGroupConfig               0x08000730   Section        0  misc.o(i.NVIC_PriorityGroupConfig)
    i.PendSV_Handler                         0x08000744   Section        0  stm32f10x_it.o(i.PendSV_Handler)
    i.QueueIn                                0x08000768   Section        0  queue.o(i.QueueIn)
    i.QueueOut                               0x08000784   Section        0  queue.o(i.QueueOut)
    i.RCC_APB1PeriphResetCmd                 0x080007ac   Section        0  stm32f10x_rcc.o(i.RCC_APB1PeriphResetCmd)
    i.RCC_APB2PeriphClockCmd                 0x080007c8   Section        0  stm32f10x_rcc.o(i.RCC_APB2PeriphClockCmd)
    i.RCC_APB2PeriphResetCmd                 0x080007e4   Section        0  stm32f10x_rcc.o(i.RCC_APB2PeriphResetCmd)
    i.RCC_GetClocksFreq                      0x08000800   Section        0  stm32f10x_rcc.o(i.RCC_GetClocksFreq)
    i.SEGGER_RTT_Init                        0x080008ac   Section        0  segger_rtt.o(i.SEGGER_RTT_Init)
    i.SEGGER_RTT_Write                       0x080008b0   Section        0  segger_rtt.o(i.SEGGER_RTT_Write)
    i.SEGGER_RTT_WriteNoLock                 0x080008e8   Section        0  segger_rtt.o(i.SEGGER_RTT_WriteNoLock)
    i.SEGGER_RTT_printf                      0x08000954   Section        0  segger_rtt_printf.o(i.SEGGER_RTT_printf)
    i.SEGGER_RTT_vprintf                     0x0800096a   Section        0  segger_rtt_printf.o(i.SEGGER_RTT_vprintf)
    i.SVC_Handler                            0x08000b0c   Section        0  stm32f10x_it.o(i.SVC_Handler)
    i.SetPower                               0x08000b30   Section        0  magicrf.o(i.SetPower)
    i.SetSysClock                            0x08000c1c   Section        0  system_stm32f10x.o(i.SetSysClock)
    SetSysClock                              0x08000c1d   Thumb Code     4  system_stm32f10x.o(i.SetSysClock)
    i.SetSysClockTo72                        0x08000c20   Section        0  system_stm32f10x.o(i.SetSysClockTo72)
    SetSysClockTo72                          0x08000c21   Thumb Code   166  system_stm32f10x.o(i.SetSysClockTo72)
    i.StartReading                           0x08000cd0   Section        0  magicrf.o(i.StartReading)
    i.StopReading                            0x08000d40   Section        0  magicrf.o(i.StopReading)
    i.SysTick_Handler                        0x08000dec   Section        0  stm32f10x_it.o(i.SysTick_Handler)
    i.SystemInit                             0x08000dfc   Section        0  system_stm32f10x.o(i.SystemInit)
    i.SystickInit                            0x08000e4c   Section        0  main.o(i.SystickInit)
    i.USART1_IRQHandler                      0x08000e88   Section        0  stm32f10x_it.o(i.USART1_IRQHandler)
    i.USART_ClearFlag                        0x08000eb0   Section        0  stm32f10x_usart.o(i.USART_ClearFlag)
    i.USART_ClearITPendingBit                0x08000eb8   Section        0  stm32f10x_usart.o(i.USART_ClearITPendingBit)
    i.USART_Cmd                              0x08000ec8   Section        0  stm32f10x_usart.o(i.USART_Cmd)
    i.USART_DeInit                           0x08000ee0   Section        0  stm32f10x_usart.o(i.USART_DeInit)
    i.USART_GetFlagStatus                    0x08000f84   Section        0  stm32f10x_usart.o(i.USART_GetFlagStatus)
    i.USART_ITConfig                         0x08000f92   Section        0  stm32f10x_usart.o(i.USART_ITConfig)
    i.USART_Init                             0x08000fc8   Section        0  stm32f10x_usart.o(i.USART_Init)
    i.USART_ReceiveData                      0x08001084   Section        0  stm32f10x_usart.o(i.USART_ReceiveData)
    i.USART_SendData                         0x0800108c   Section        0  stm32f10x_usart.o(i.USART_SendData)
    i.UsageFault_Handler                     0x08001094   Section        0  stm32f10x_it.o(i.UsageFault_Handler)
    i.Usart1Init                             0x080010b8   Section        0  usart.o(i.Usart1Init)
    i.UsartSendByte                          0x0800116c   Section        0  usart.o(i.UsartSendByte)
    i.UsartSendString                        0x08001184   Section        0  usart.o(i.UsartSendString)
    i.WaitRespone                            0x0800119c   Section        0  magicrf.o(i.WaitRespone)
    i._DoInit                                0x080011bc   Section        0  segger_rtt.o(i._DoInit)
    _DoInit                                  0x080011bd   Thumb Code    76  segger_rtt.o(i._DoInit)
    i._GetAvailWriteSpace                    0x08001224   Section        0  segger_rtt.o(i._GetAvailWriteSpace)
    _GetAvailWriteSpace                      0x08001225   Thumb Code    24  segger_rtt.o(i._GetAvailWriteSpace)
    i._PrintInt                              0x0800123c   Section        0  segger_rtt_printf.o(i._PrintInt)
    _PrintInt                                0x0800123d   Thumb Code   216  segger_rtt_printf.o(i._PrintInt)
    i._PrintUnsigned                         0x08001314   Section        0  segger_rtt_printf.o(i._PrintUnsigned)
    _PrintUnsigned                           0x08001315   Thumb Code   210  segger_rtt_printf.o(i._PrintUnsigned)
    i._StoreChar                             0x080013ec   Section        0  segger_rtt_printf.o(i._StoreChar)
    _StoreChar                               0x080013ed   Thumb Code    62  segger_rtt_printf.o(i._StoreChar)
    i._WriteBlocking                         0x0800142a   Section        0  segger_rtt.o(i._WriteBlocking)
    _WriteBlocking                           0x0800142b   Thumb Code    92  segger_rtt.o(i._WriteBlocking)
    i._WriteNoCheck                          0x08001486   Section        0  segger_rtt.o(i._WriteNoCheck)
    _WriteNoCheck                            0x08001487   Thumb Code    68  segger_rtt.o(i._WriteNoCheck)
    i.__scatterload_copy                     0x080014ca   Section       14  handlers.o(i.__scatterload_copy)
    i.__scatterload_null                     0x080014d8   Section        2  handlers.o(i.__scatterload_null)
    i.__scatterload_zeroinit                 0x080014da   Section       14  handlers.o(i.__scatterload_zeroinit)
    i.delay_ms                               0x080014e8   Section        0  main.o(i.delay_ms)
    i.main                                   0x0800150c   Section        0  main.o(i.main)
    .constdata                               0x080015c8   Section      128  stm32f10x_it.o(.constdata)
    __FUNCTION__                             0x080015c8   Data          12  stm32f10x_it.o(.constdata)
    __FUNCTION__                             0x080015d4   Data          18  stm32f10x_it.o(.constdata)
    __FUNCTION__                             0x080015e6   Data          18  stm32f10x_it.o(.constdata)
    __FUNCTION__                             0x080015f8   Data          17  stm32f10x_it.o(.constdata)
    __FUNCTION__                             0x08001609   Data          19  stm32f10x_it.o(.constdata)
    __FUNCTION__                             0x0800161c   Data          12  stm32f10x_it.o(.constdata)
    __FUNCTION__                             0x08001628   Data          17  stm32f10x_it.o(.constdata)
    __FUNCTION__                             0x08001639   Data          15  stm32f10x_it.o(.constdata)
    .constdata                               0x08001648   Section       50  magicrf.o(.constdata)
    __FUNCTION__                             0x0800164c   Data          12  magicrf.o(.constdata)
    __FUNCTION__                             0x08001658   Data           9  magicrf.o(.constdata)
    __FUNCTION__                             0x08001661   Data          13  magicrf.o(.constdata)
    __FUNCTION__                             0x0800166e   Data          12  magicrf.o(.constdata)
    .constdata                               0x0800167a   Section       16  segger_rtt_printf.o(.constdata)
    _aV2C                                    0x0800167a   Data          16  segger_rtt_printf.o(.constdata)
    .data                                    0x20000000   Section        8  main.o(.data)
    .data                                    0x20000008   Section       16  queue.o(.data)
    .data                                    0x20000018   Section        8  magicrf.o(.data)
    loc                                      0x20000018   Data           1  magicrf.o(.data)
    ltick                                    0x2000001c   Data           4  magicrf.o(.data)
    .data                                    0x20000020   Section       20  stm32f10x_rcc.o(.data)
    ADCPrescTable                            0x20000020   Data           4  stm32f10x_rcc.o(.data)
    APBAHBPrescTable                         0x20000024   Data          16  stm32f10x_rcc.o(.data)
    .bss                                     0x20000034   Section     4096  queue.o(.bss)
    rspbuff                                  0x20000034   Data        4096  queue.o(.bss)
    .bss                                     0x20001034   Section      256  magicrf.o(.bss)
    magicrfbuff                              0x20001034   Data         256  magicrf.o(.bss)
    .bss                                     0x20001134   Section     1208  segger_rtt.o(.bss)
    _acUpBuffer                              0x200011dc   Data        1024  segger_rtt.o(.bss)
    _acDownBuffer                            0x200015dc   Data          16  segger_rtt.o(.bss)
    STACK                                    0x200015f0   Section     1024  startup_stm32f10x_md.o(STACK)

    Global Symbols

    Symbol Name                              Value     Ov Type        Size  Object(Section)

    BuildAttributes$$THM_ISAv4$P$D$K$B$S$PE$A:L22UL41UL21$X:L11$S22US41US21$IEEE1$IW$USESV6$~STKCKD$USESV7$~SHL$OSPACE$EBA8$MICROLIB$REQ8$PRES8$EABIv2 0x00000000   Number         0  anon$$obj.o ABSOLUTE
    __ARM_use_no_argv                        0x00000000   Number         0  main.o ABSOLUTE
    __use_no_errno                           0x00000000   Number         0  useno.o ABSOLUTE
    __use_no_exception_handling              0x00000000   Number         0  useno.o ABSOLUTE
    __use_no_fp                              0x00000000   Number         0  useno.o ABSOLUTE
    __use_no_heap                            0x00000000   Number         0  useno.o ABSOLUTE
    __use_no_heap_region                     0x00000000   Number         0  useno.o ABSOLUTE
    __use_no_semihosting                     0x00000000   Number         0  useno.o ABSOLUTE
    __use_no_semihosting_swi                 0x00000000   Number         0  useno.o ABSOLUTE
    __use_no_signal_handling                 0x00000000   Number         0  useno.o ABSOLUTE
    __arm_fini_                               - Undefined Weak Reference
    __cpp_initialize__aeabi_                  - Undefined Weak Reference
    __cxa_finalize                            - Undefined Weak Reference
    __decompress                              - Undefined Weak Reference
    _clock_init                               - Undefined Weak Reference
    _microlib_exit                            - Undefined Weak Reference
    __Vectors_Size                           0x000000ec   Number         0  startup_stm32f10x_md.o ABSOLUTE
    __Vectors                                0x08000000   Data           4  startup_stm32f10x_md.o(RESET)
    __Vectors_End                            0x080000ec   Data           0  startup_stm32f10x_md.o(RESET)
    __main                                   0x080000ed   Thumb Code     0  entry.o(.ARM.Collect$$$$00000000)
    _main_stk                                0x080000ed   Thumb Code     0  entry2.o(.ARM.Collect$$$$00000001)
    _main_scatterload                        0x080000f1   Thumb Code     0  entry5.o(.ARM.Collect$$$$00000004)
    __main_after_scatterload                 0x080000f5   Thumb Code     0  entry5.o(.ARM.Collect$$$$00000004)
    _main_clock                              0x080000f5   Thumb Code     0  entry7b.o(.ARM.Collect$$$$00000008)
    _main_cpp_init                           0x080000f5   Thumb Code     0  entry8b.o(.ARM.Collect$$$$0000000A)
    _main_init                               0x080000f5   Thumb Code     0  entry9a.o(.ARM.Collect$$$$0000000B)
    __rt_lib_shutdown_fini                   0x080000fd   Thumb Code     0  entry12b.o(.ARM.Collect$$$$0000000E)
    __rt_final_cpp                           0x08000101   Thumb Code     0  entry10a.o(.ARM.Collect$$$$0000000F)
    __rt_final_exit                          0x08000101   Thumb Code     0  entry11a.o(.ARM.Collect$$$$00000011)
    Reset_Handler                            0x08000105   Thumb Code     8  startup_stm32f10x_md.o(.text)
    ADC1_2_IRQHandler                        0x0800011f   Thumb Code     0  startup_stm32f10x_md.o(.text)
    CAN1_RX1_IRQHandler                      0x0800011f   Thumb Code     0  startup_stm32f10x_md.o(.text)
    CAN1_SCE_IRQHandler                      0x0800011f   Thumb Code     0  startup_stm32f10x_md.o(.text)
    DMA1_Channel1_IRQHandler                 0x0800011f   Thumb Code     0  startup_stm32f10x_md.o(.text)
    DMA1_Channel2_IRQHandler                 0x0800011f   Thumb Code     0  startup_stm32f10x_md.o(.text)
    DMA1_Channel3_IRQHandler                 0x0800011f   Thumb Code     0  startup_stm32f10x_md.o(.text)
    DMA1_Channel4_IRQHandler                 0x0800011f   Thumb Code     0  startup_stm32f10x_md.o(.text)
    DMA1_Channel5_IRQHandler                 0x0800011f   Thumb Code     0  startup_stm32f10x_md.o(.text)
    DMA1_Channel6_IRQHandler                 0x0800011f   Thumb Code     0  startup_stm32f10x_md.o(.text)
    DMA1_Channel7_IRQHandler                 0x0800011f   Thumb Code     0  startup_stm32f10x_md.o(.text)
    EXTI0_IRQHandler                         0x0800011f   Thumb Code     0  startup_stm32f10x_md.o(.text)
    EXTI15_10_IRQHandler                     0x0800011f   Thumb Code     0  startup_stm32f10x_md.o(.text)
    EXTI1_IRQHandler                         0x0800011f   Thumb Code     0  startup_stm32f10x_md.o(.text)
    EXTI2_IRQHandler                         0x0800011f   Thumb Code     0  startup_stm32f10x_md.o(.text)
    EXTI3_IRQHandler                         0x0800011f   Thumb Code     0  startup_stm32f10x_md.o(.text)
    EXTI4_IRQHandler                         0x0800011f   Thumb Code     0  startup_stm32f10x_md.o(.text)
    EXTI9_5_IRQHandler                       0x0800011f   Thumb Code     0  startup_stm32f10x_md.o(.text)
    FLASH_IRQHandler                         0x0800011f   Thumb Code     0  startup_stm32f10x_md.o(.text)
    I2C1_ER_IRQHandler                       0x0800011f   Thumb Code     0  startup_stm32f10x_md.o(.text)
    I2C1_EV_IRQHandler                       0x0800011f   Thumb Code     0  startup_stm32f10x_md.o(.text)
    I2C2_ER_IRQHandler                       0x0800011f   Thumb Code     0  startup_stm32f10x_md.o(.text)
    I2C2_EV_IRQHandler                       0x0800011f   Thumb Code     0  startup_stm32f10x_md.o(.text)
    PVD_IRQHandler                           0x0800011f   Thumb Code     0  startup_stm32f10x_md.o(.text)
    RCC_IRQHandler                           0x0800011f   Thumb Code     0  startup_stm32f10x_md.o(.text)
    RTCAlarm_IRQHandler                      0x0800011f   Thumb Code     0  startup_stm32f10x_md.o(.text)
    RTC_IRQHandler                           0x0800011f   Thumb Code     0  startup_stm32f10x_md.o(.text)
    SPI1_IRQHandler                          0x0800011f   Thumb Code     0  startup_stm32f10x_md.o(.text)
    SPI2_IRQHandler                          0x0800011f   Thumb Code     0  startup_stm32f10x_md.o(.text)
    TAMPER_IRQHandler                        0x0800011f   Thumb Code     0  startup_stm32f10x_md.o(.text)
    TIM1_BRK_IRQHandler                      0x0800011f   Thumb Code     0  startup_stm32f10x_md.o(.text)
    TIM1_CC_IRQHandler                       0x0800011f   Thumb Code     0  startup_stm32f10x_md.o(.text)
    TIM1_TRG_COM_IRQHandler                  0x0800011f   Thumb Code     0  startup_stm32f10x_md.o(.text)
    TIM1_UP_IRQHandler                       0x0800011f   Thumb Code     0  startup_stm32f10x_md.o(.text)
    TIM2_IRQHandler                          0x0800011f   Thumb Code     0  startup_stm32f10x_md.o(.text)
    TIM3_IRQHandler                          0x0800011f   Thumb Code     0  startup_stm32f10x_md.o(.text)
    TIM4_IRQHandler                          0x0800011f   Thumb Code     0  startup_stm32f10x_md.o(.text)
    USART2_IRQHandler                        0x0800011f   Thumb Code     0  startup_stm32f10x_md.o(.text)
    USART3_IRQHandler                        0x0800011f   Thumb Code     0  startup_stm32f10x_md.o(.text)
    USBWakeUp_IRQHandler                     0x0800011f   Thumb Code     0  startup_stm32f10x_md.o(.text)
    USB_HP_CAN1_TX_IRQHandler                0x0800011f   Thumb Code     0  startup_stm32f10x_md.o(.text)
    USB_LP_CAN1_RX0_IRQHandler               0x0800011f   Thumb Code     0  startup_stm32f10x_md.o(.text)
    WWDG_IRQHandler                          0x0800011f   Thumb Code     0  startup_stm32f10x_md.o(.text)
    __aeabi_memcpy                           0x08000129   Thumb Code    36  memcpya.o(.text)
    __aeabi_memcpy4                          0x08000129   Thumb Code     0  memcpya.o(.text)
    __aeabi_memcpy8                          0x08000129   Thumb Code     0  memcpya.o(.text)
    __aeabi_memset                           0x0800014d   Thumb Code    14  memseta.o(.text)
    __aeabi_memset4                          0x0800014d   Thumb Code     0  memseta.o(.text)
    __aeabi_memset8                          0x0800014d   Thumb Code     0  memseta.o(.text)
    __aeabi_memclr                           0x0800015b   Thumb Code     4  memseta.o(.text)
    __aeabi_memclr4                          0x0800015b   Thumb Code     0  memseta.o(.text)
    __aeabi_memclr8                          0x0800015b   Thumb Code     0  memseta.o(.text)
    _memset$wrapper                          0x0800015f   Thumb Code    18  memseta.o(.text)
    strcpy                                   0x08000171   Thumb Code    18  strcpy.o(.text)
    __scatterload                            0x08000185   Thumb Code    28  init.o(.text)
    __scatterload_rt2                        0x08000185   Thumb Code     0  init.o(.text)
    BusFault_Handler                         0x080001a9   Thumb Code    12  stm32f10x_it.o(i.BusFault_Handler)
    DebugMon_Handler                         0x080001cd   Thumb Code    10  stm32f10x_it.o(i.DebugMon_Handler)
    GPIO_Init                                0x080001f1   Thumb Code   166  stm32f10x_gpio.o(i.GPIO_Init)
    GetRespone                               0x08000299   Thumb Code   150  magicrf.o(i.GetRespone)
    HardFault_Handler                        0x08000381   Thumb Code    12  stm32f10x_it.o(i.HardFault_Handler)
    IWDG_Enable                              0x080003a5   Thumb Code    10  stm32f10x_iwdg.o(i.IWDG_Enable)
    IWDG_ReloadCounter                       0x080003b5   Thumb Code    10  stm32f10x_iwdg.o(i.IWDG_ReloadCounter)
    IWDG_SetPrescaler                        0x080003c5   Thumb Code     6  stm32f10x_iwdg.o(i.IWDG_SetPrescaler)
    IWDG_SetReload                           0x080003d1   Thumb Code     6  stm32f10x_iwdg.o(i.IWDG_SetReload)
    IWDG_WriteAccessCmd                      0x080003dd   Thumb Code     6  stm32f10x_iwdg.o(i.IWDG_WriteAccessCmd)
    IwdgInit                                 0x080003e9   Thumb Code    38  iwdg.o(i.IwdgInit)
    MagicRFInit                              0x08000411   Thumb Code   218  magicrf.o(i.MagicRFInit)
    MagicRFTest                              0x0800051d   Thumb Code   272  magicrf.o(i.MagicRFTest)
    MemManage_Handler                        0x08000685   Thumb Code    12  stm32f10x_it.o(i.MemManage_Handler)
    NMI_Handler                              0x080006a9   Thumb Code    10  stm32f10x_it.o(i.NMI_Handler)
    NVIC_Init                                0x080006cd   Thumb Code    96  misc.o(i.NVIC_Init)
    NVIC_PriorityGroupConfig                 0x08000731   Thumb Code    10  misc.o(i.NVIC_PriorityGroupConfig)
    PendSV_Handler                           0x08000745   Thumb Code    10  stm32f10x_it.o(i.PendSV_Handler)
    QueueIn                                  0x08000769   Thumb Code    28  queue.o(i.QueueIn)
    QueueOut                                 0x08000785   Thumb Code    40  queue.o(i.QueueOut)
    RCC_APB1PeriphResetCmd                   0x080007ad   Thumb Code    22  stm32f10x_rcc.o(i.RCC_APB1PeriphResetCmd)
    RCC_APB2PeriphClockCmd                   0x080007c9   Thumb Code    22  stm32f10x_rcc.o(i.RCC_APB2PeriphClockCmd)
    RCC_APB2PeriphResetCmd                   0x080007e5   Thumb Code    22  stm32f10x_rcc.o(i.RCC_APB2PeriphResetCmd)
    RCC_GetClocksFreq                        0x08000801   Thumb Code   154  stm32f10x_rcc.o(i.RCC_GetClocksFreq)
    SEGGER_RTT_Init                          0x080008ad   Thumb Code     4  segger_rtt.o(i.SEGGER_RTT_Init)
    SEGGER_RTT_Write                         0x080008b1   Thumb Code    52  segger_rtt.o(i.SEGGER_RTT_Write)
    SEGGER_RTT_WriteNoLock                   0x080008e9   Thumb Code   102  segger_rtt.o(i.SEGGER_RTT_WriteNoLock)
    SEGGER_RTT_printf                        0x08000955   Thumb Code    22  segger_rtt_printf.o(i.SEGGER_RTT_printf)
    SEGGER_RTT_vprintf                       0x0800096b   Thumb Code   416  segger_rtt_printf.o(i.SEGGER_RTT_vprintf)
    SVC_Handler                              0x08000b0d   Thumb Code    10  stm32f10x_it.o(i.SVC_Handler)
    SetPower                                 0x08000b31   Thumb Code   170  magicrf.o(i.SetPower)
    StartReading                             0x08000cd1   Thumb Code    74  magicrf.o(i.StartReading)
    StopReading                              0x08000d41   Thumb Code   120  magicrf.o(i.StopReading)
    SysTick_Handler                          0x08000ded   Thumb Code    10  stm32f10x_it.o(i.SysTick_Handler)
    SystemInit                               0x08000dfd   Thumb Code    64  system_stm32f10x.o(i.SystemInit)
    SystickInit                              0x08000e4d   Thumb Code    54  main.o(i.SystickInit)
    USART1_IRQHandler                        0x08000e89   Thumb Code    32  stm32f10x_it.o(i.USART1_IRQHandler)
    USART_ClearFlag                          0x08000eb1   Thumb Code     8  stm32f10x_usart.o(i.USART_ClearFlag)
    USART_ClearITPendingBit                  0x08000eb9   Thumb Code    16  stm32f10x_usart.o(i.USART_ClearITPendingBit)
    USART_Cmd                                0x08000ec9   Thumb Code    24  stm32f10x_usart.o(i.USART_Cmd)
    USART_DeInit                             0x08000ee1   Thumb Code   144  stm32f10x_usart.o(i.USART_DeInit)
    USART_GetFlagStatus                      0x08000f85   Thumb Code    14  stm32f10x_usart.o(i.USART_GetFlagStatus)
    USART_ITConfig                           0x08000f93   Thumb Code    54  stm32f10x_usart.o(i.USART_ITConfig)
    USART_Init                               0x08000fc9   Thumb Code   182  stm32f10x_usart.o(i.USART_Init)
    USART_ReceiveData                        0x08001085   Thumb Code     8  stm32f10x_usart.o(i.USART_ReceiveData)
    USART_SendData                           0x0800108d   Thumb Code     8  stm32f10x_usart.o(i.USART_SendData)
    UsageFault_Handler                       0x08001095   Thumb Code    12  stm32f10x_it.o(i.UsageFault_Handler)
    Usart1Init                               0x080010b9   Thumb Code   172  usart.o(i.Usart1Init)
    UsartSendByte                            0x0800116d   Thumb Code    24  usart.o(i.UsartSendByte)
    UsartSendString                          0x08001185   Thumb Code    24  usart.o(i.UsartSendString)
    WaitRespone                              0x0800119d   Thumb Code    32  magicrf.o(i.WaitRespone)
    __scatterload_copy                       0x080014cb   Thumb Code    14  handlers.o(i.__scatterload_copy)
    __scatterload_null                       0x080014d9   Thumb Code     2  handlers.o(i.__scatterload_null)
    __scatterload_zeroinit                   0x080014db   Thumb Code    14  handlers.o(i.__scatterload_zeroinit)
    delay_ms                                 0x080014e9   Thumb Code    32  main.o(i.delay_ms)
    main                                     0x0800150d   Thumb Code    78  main.o(i.main)
    magicrf_t                                0x08001648   Data           4  magicrf.o(.constdata)
    Region$$Table$$Base                      0x0800168c   Number         0  anon$$obj.o(Region$$Table)
    Region$$Table$$Limit                     0x080016ac   Number         0  anon$$obj.o(Region$$Table)
    system_t                                 0x20000000   Data           8  main.o(.data)
    rsp_queue_t                              0x20000008   Data          16  queue.o(.data)
    _SEGGER_RTT                              0x20001134   Data         168  segger_rtt.o(.bss)
    __initial_sp                             0x200019f0   Data           0  startup_stm32f10x_md.o(STACK)



==============================================================================

Memory Map of the image

  Image Entry point : 0x08000105

  Load Region LR_1 (Base: 0x08000000, Size: 0x000016e0, Max: 0xffffffff, ABSOLUTE)

    Execution Region ER_RO (Exec base: 0x08000000, Load base: 0x08000000, Size: 0x000016ac, Max: 0xffffffff, ABSOLUTE)

    Exec Addr    Load Addr    Size         Type   Attr      Idx    E Section Name        Object

    0x08000000   0x08000000   0x000000ec   Data   RO         1335    RESET               startup_stm32f10x_md.o
    0x080000ec   0x080000ec   0x00000000   Code   RO         1340  * .ARM.Collect$$$$00000000  mc_w.l(entry.o)
    0x080000ec   0x080000ec   0x00000004   Code   RO         1358    .ARM.Collect$$$$00000001  mc_w.l(entry2.o)
    0x080000f0   0x080000f0   0x00000004   Code   RO         1361    .ARM.Collect$$$$00000004  mc_w.l(entry5.o)
    0x080000f4   0x080000f4   0x00000000   Code   RO         1363    .ARM.Collect$$$$00000008  mc_w.l(entry7b.o)
    0x080000f4   0x080000f4   0x00000000   Code   RO         1365    .ARM.Collect$$$$0000000A  mc_w.l(entry8b.o)
    0x080000f4   0x080000f4   0x00000008   Code   RO         1366    .ARM.Collect$$$$0000000B  mc_w.l(entry9a.o)
    0x080000fc   0x080000fc   0x00000004   Code   RO         1373    .ARM.Collect$$$$0000000E  mc_w.l(entry12b.o)
    0x08000100   0x08000100   0x00000000   Code   RO         1368    .ARM.Collect$$$$0000000F  mc_w.l(entry10a.o)
    0x08000100   0x08000100   0x00000000   Code   RO         1370    .ARM.Collect$$$$00000011  mc_w.l(entry11a.o)
    0x08000100   0x08000100   0x00000004   Code   RO         1359    .ARM.Collect$$$$00002712  mc_w.l(entry2.o)
    0x08000104   0x08000104   0x00000024   Code   RO         1336  * .text               startup_stm32f10x_md.o
    0x08000128   0x08000128   0x00000024   Code   RO         1346    .text               mc_w.l(memcpya.o)
    0x0800014c   0x0800014c   0x00000024   Code   RO         1348    .text               mc_w.l(memseta.o)
    0x08000170   0x08000170   0x00000012   Code   RO         1354    .text               mc_w.l(strcpy.o)
    0x08000182   0x08000182   0x00000002   PAD
    0x08000184   0x08000184   0x00000024   Code   RO         1374    .text               mc_w.l(init.o)
    0x080001a8   0x080001a8   0x00000024   Code   RO          232    i.BusFault_Handler  stm32f10x_it.o
    0x080001cc   0x080001cc   0x00000024   Code   RO          233    i.DebugMon_Handler  stm32f10x_it.o
    0x080001f0   0x080001f0   0x000000a6   Code   RO          758    i.GPIO_Init         stm32f10x_gpio.o
    0x08000296   0x08000296   0x00000002   PAD
    0x08000298   0x08000298   0x000000e8   Code   RO          323    i.GetRespone        magicrf.o
    0x08000380   0x08000380   0x00000024   Code   RO          234    i.HardFault_Handler  stm32f10x_it.o
    0x080003a4   0x080003a4   0x00000010   Code   RO          866    i.IWDG_Enable       stm32f10x_iwdg.o
    0x080003b4   0x080003b4   0x00000010   Code   RO          868    i.IWDG_ReloadCounter  stm32f10x_iwdg.o
    0x080003c4   0x080003c4   0x0000000c   Code   RO          869    i.IWDG_SetPrescaler  stm32f10x_iwdg.o
    0x080003d0   0x080003d0   0x0000000c   Code   RO          870    i.IWDG_SetReload    stm32f10x_iwdg.o
    0x080003dc   0x080003dc   0x0000000c   Code   RO          871    i.IWDG_WriteAccessCmd  stm32f10x_iwdg.o
    0x080003e8   0x080003e8   0x00000026   Code   RO          310    i.IwdgInit          iwdg.o
    0x0800040e   0x0800040e   0x00000002   PAD
    0x08000410   0x08000410   0x0000010c   Code   RO          324    i.MagicRFInit       magicrf.o
    0x0800051c   0x0800051c   0x00000168   Code   RO          325    i.MagicRFTest       magicrf.o
    0x08000684   0x08000684   0x00000024   Code   RO          235    i.MemManage_Handler  stm32f10x_it.o
    0x080006a8   0x080006a8   0x00000024   Code   RO          236    i.NMI_Handler       stm32f10x_it.o
    0x080006cc   0x080006cc   0x00000064   Code   RO          716    i.NVIC_Init         misc.o
    0x08000730   0x08000730   0x00000014   Code   RO          717    i.NVIC_PriorityGroupConfig  misc.o
    0x08000744   0x08000744   0x00000024   Code   RO          237    i.PendSV_Handler    stm32f10x_it.o
    0x08000768   0x08000768   0x0000001c   Code   RO          201    i.QueueIn           queue.o
    0x08000784   0x08000784   0x00000028   Code   RO          202    i.QueueOut          queue.o
    0x080007ac   0x080007ac   0x0000001c   Code   RO          911    i.RCC_APB1PeriphResetCmd  stm32f10x_rcc.o
    0x080007c8   0x080007c8   0x0000001c   Code   RO          912    i.RCC_APB2PeriphClockCmd  stm32f10x_rcc.o
    0x080007e4   0x080007e4   0x0000001c   Code   RO          913    i.RCC_APB2PeriphResetCmd  stm32f10x_rcc.o
    0x08000800   0x08000800   0x000000ac   Code   RO          920    i.RCC_GetClocksFreq  stm32f10x_rcc.o
    0x080008ac   0x080008ac   0x00000004   Code   RO          392    i.SEGGER_RTT_Init   segger_rtt.o
    0x080008b0   0x080008b0   0x00000038   Code   RO          405    i.SEGGER_RTT_Write  segger_rtt.o
    0x080008e8   0x080008e8   0x0000006c   Code   RO          406    i.SEGGER_RTT_WriteNoLock  segger_rtt.o
    0x08000954   0x08000954   0x00000016   Code   RO          581    i.SEGGER_RTT_printf  segger_rtt_printf.o
    0x0800096a   0x0800096a   0x000001a0   Code   RO          582    i.SEGGER_RTT_vprintf  segger_rtt_printf.o
    0x08000b0a   0x08000b0a   0x00000002   PAD
    0x08000b0c   0x08000b0c   0x00000024   Code   RO          238    i.SVC_Handler       stm32f10x_it.o
    0x08000b30   0x08000b30   0x000000ec   Code   RO          326    i.SetPower          magicrf.o
    0x08000c1c   0x08000c1c   0x00000004   Code   RO         1299    i.SetSysClock       system_stm32f10x.o
    0x08000c20   0x08000c20   0x000000b0   Code   RO         1300    i.SetSysClockTo72   system_stm32f10x.o
    0x08000cd0   0x08000cd0   0x00000070   Code   RO          327    i.StartReading      magicrf.o
    0x08000d40   0x08000d40   0x000000ac   Code   RO          328    i.StopReading       magicrf.o
    0x08000dec   0x08000dec   0x00000010   Code   RO          239    i.SysTick_Handler   stm32f10x_it.o
    0x08000dfc   0x08000dfc   0x00000050   Code   RO         1302    i.SystemInit        system_stm32f10x.o
    0x08000e4c   0x08000e4c   0x0000003c   Code   RO            1    i.SystickInit       main.o
    0x08000e88   0x08000e88   0x00000028   Code   RO          240    i.USART1_IRQHandler  stm32f10x_it.o
    0x08000eb0   0x08000eb0   0x00000008   Code   RO         1108    i.USART_ClearFlag   stm32f10x_usart.o
    0x08000eb8   0x08000eb8   0x00000010   Code   RO         1109    i.USART_ClearITPendingBit  stm32f10x_usart.o
    0x08000ec8   0x08000ec8   0x00000018   Code   RO         1112    i.USART_Cmd         stm32f10x_usart.o
    0x08000ee0   0x08000ee0   0x000000a4   Code   RO         1114    i.USART_DeInit      stm32f10x_usart.o
    0x08000f84   0x08000f84   0x0000000e   Code   RO         1115    i.USART_GetFlagStatus  stm32f10x_usart.o
    0x08000f92   0x08000f92   0x00000036   Code   RO         1118    i.USART_ITConfig    stm32f10x_usart.o
    0x08000fc8   0x08000fc8   0x000000bc   Code   RO         1119    i.USART_Init        stm32f10x_usart.o
    0x08001084   0x08001084   0x00000008   Code   RO         1126    i.USART_ReceiveData  stm32f10x_usart.o
    0x0800108c   0x0800108c   0x00000008   Code   RO         1129    i.USART_SendData    stm32f10x_usart.o
    0x08001094   0x08001094   0x00000024   Code   RO          241    i.UsageFault_Handler  stm32f10x_it.o
    0x080010b8   0x080010b8   0x000000b4   Code   RO          151    i.Usart1Init        usart.o
    0x0800116c   0x0800116c   0x00000018   Code   RO          154    i.UsartSendByte     usart.o
    0x08001184   0x08001184   0x00000018   Code   RO          155    i.UsartSendString   usart.o
    0x0800119c   0x0800119c   0x00000020   Code   RO          329    i.WaitRespone       magicrf.o
    0x080011bc   0x080011bc   0x00000068   Code   RO          410    i._DoInit           segger_rtt.o
    0x08001224   0x08001224   0x00000018   Code   RO          411    i._GetAvailWriteSpace  segger_rtt.o
    0x0800123c   0x0800123c   0x000000d8   Code   RO          583    i._PrintInt         segger_rtt_printf.o
    0x08001314   0x08001314   0x000000d8   Code   RO          584    i._PrintUnsigned    segger_rtt_printf.o
    0x080013ec   0x080013ec   0x0000003e   Code   RO          585    i._StoreChar        segger_rtt_printf.o
    0x0800142a   0x0800142a   0x0000005c   Code   RO          413    i._WriteBlocking    segger_rtt.o
    0x08001486   0x08001486   0x00000044   Code   RO          414    i._WriteNoCheck     segger_rtt.o
    0x080014ca   0x080014ca   0x0000000e   Code   RO         1378    i.__scatterload_copy  mc_w.l(handlers.o)
    0x080014d8   0x080014d8   0x00000002   Code   RO         1379    i.__scatterload_null  mc_w.l(handlers.o)
    0x080014da   0x080014da   0x0000000e   Code   RO         1380    i.__scatterload_zeroinit  mc_w.l(handlers.o)
    0x080014e8   0x080014e8   0x00000024   Code   RO            2    i.delay_ms          main.o
    0x0800150c   0x0800150c   0x000000bc   Code   RO            3    i.main              main.o
    0x080015c8   0x080015c8   0x00000080   Data   RO          242    .constdata          stm32f10x_it.o
    0x08001648   0x08001648   0x00000032   Data   RO          331    .constdata          magicrf.o
    0x0800167a   0x0800167a   0x00000010   Data   RO          586    .constdata          segger_rtt_printf.o
    0x0800168a   0x0800168a   0x00000002   PAD
    0x0800168c   0x0800168c   0x00000020   Data   RO         1376    Region$$Table       anon$$obj.o


    Execution Region ER_RW (Exec base: 0x20000000, Load base: 0x080016ac, Size: 0x00000034, Max: 0xffffffff, ABSOLUTE)

    Exec Addr    Load Addr    Size         Type   Attr      Idx    E Section Name        Object

    0x20000000   0x080016ac   0x00000008   Data   RW            4    .data               main.o
    0x20000008   0x080016b4   0x00000010   Data   RW          205    .data               queue.o
    0x20000018   0x080016c4   0x00000008   Data   RW          332    .data               magicrf.o
    0x20000020   0x080016cc   0x00000014   Data   RW          940    .data               stm32f10x_rcc.o


    Execution Region ER_ZI (Exec base: 0x20000034, Load base: 0x080016e0, Size: 0x000019bc, Max: 0xffffffff, ABSOLUTE)

    Exec Addr    Load Addr    Size         Type   Attr      Idx    E Section Name        Object

    0x20000034        -       0x00001000   Zero   RW          204    .bss                queue.o
    0x20001034        -       0x00000100   Zero   RW          330    .bss                magicrf.o
    0x20001134        -       0x000004b8   Zero   RW          415    .bss                segger_rtt.o
    0x200015ec   0x080016e0   0x00000004   PAD
    0x200015f0        -       0x00000400   Zero   RW         1333    STACK               startup_stm32f10x_md.o


==============================================================================

Image component sizes


      Code (inc. data)   RO Data    RW Data    ZI Data      Debug   Object Name

         0          0          0          0          0         32   core_cm3.o
        38          0          0          0          0        559   iwdg.o
      1412        376         50          8        256       5863   magicrf.o
       284        120          0          8          0     250270   main.o
       120         14          0          0          0       1715   misc.o
        68          0          0         16       4096       2031   queue.o
       456         38          0          0       1208       8720   segger_rtt.o
       932          6         16          0          0       6053   segger_rtt_printf.o
        36          8        236          0       1024        888   startup_stm32f10x_md.o
       166          0          0          0          0       2124   stm32f10x_gpio.o
       344        214        128          0          0       4518   stm32f10x_it.o
        68         30          0          0          0       2654   stm32f10x_iwdg.o
       256         36          0         20          0       5435   stm32f10x_rcc.o
       484         26          0          0          0       7964   stm32f10x_usart.o
       260         26          0          0          0       2205   system_stm32f10x.o
       228          8          0          0          0       2091   usart.o

    ----------------------------------------------------------------------
      5158        902        464         52       6588     303122   Object Totals
         0          0         32          0          0          0   (incl. Generated)
         6          0          2          0          4          0   (incl. Padding)

    ----------------------------------------------------------------------

      Code (inc. data)   RO Data    RW Data    ZI Data      Debug   Library Member Name

         0          0          0          0          0          0   entry.o
         0          0          0          0          0          0   entry10a.o
         0          0          0          0          0          0   entry11a.o
         4          0          0          0          0          0   entry12b.o
         8          4          0          0          0          0   entry2.o
         4          0          0          0          0          0   entry5.o
         0          0          0          0          0          0   entry7b.o
         0          0          0          0          0          0   entry8b.o
         8          4          0          0          0          0   entry9a.o
        30          0          0          0          0          0   handlers.o
        36          8          0          0          0         68   init.o
        36          0          0          0          0         68   memcpya.o
        36          0          0          0          0        108   memseta.o
        18          0          0          0          0         68   strcpy.o

    ----------------------------------------------------------------------
       182         16          0          0          0        312   Library Totals
         2          0          0          0          0          0   (incl. Padding)

    ----------------------------------------------------------------------

      Code (inc. data)   RO Data    RW Data    ZI Data      Debug   Library Name

       180         16          0          0          0        312   mc_w.l

    ----------------------------------------------------------------------
       182         16          0          0          0        312   Library Totals

    ----------------------------------------------------------------------

==============================================================================


      Code (inc. data)   RO Data    RW Data    ZI Data      Debug   

      5340        918        464         52       6588     300466   Grand Totals
      5340        918        464         52       6588     300466   ELF Image Totals
      5340        918        464         52          0          0   ROM Totals

==============================================================================

    Total RO  Size (Code + RO Data)                 5804 (   5.67kB)
    Total RW  Size (RW Data + ZI Data)              6640 (   6.48kB)
    Total ROM Size (Code + RO Data + RW Data)       5856 (   5.72kB)

==============================================================================

